2026-09-06 09:32:36.125: [INFO] CurrentProfilePath: C:\Users\sarat\OneDrive\Desktop\SpringBootworkspace\.metadata\.plugins\org.eclipse.swt\EBWebView\Default
2026-09-06 09:32:36.125: [INFO] Profiles total count: 1
2026-09-06 09:32:36.125: [INFO] Profile: name=Profile 1 path=C:\Users\sarat\OneDrive\Desktop\SpringBootworkspace\.metadata\.plugins\org.eclipse.swt\EBWebView\Default lastActive=null
2026-09-06 09:32:36.125: [INFO] LastUsedProfileDir: C:\Users\sarat\OneDrive\Desktop\SpringBootworkspace\.metadata\.plugins\org.eclipse.swt\EBWebView\Default
2026-09-06 09:32:36.125: [INFO] OnDoneLoading sync enabled: 0
2026-09-06 09:32:36.125: [INFO] BookmarkModelLoaded, ids_reassigned: 0
2026-09-06 09:32:36.125: [INFO] BookmarksLoadDropped droppedNodes=0
2026-09-06 09:32:36.125: [INFO] BookmarksSnapshot Startup total=0 bar=0 other=0 mobile=0 showBar=0 showBarNTP=1
2026-09-06 09:32:36.220: [INFO] BookmarksSnapshot Shutdown total=0 bar=0 other=0 mobile=0 showBar=0 showBarNTP=1
2026-09-06 09:37:17.841: [INFO] CurrentProfilePath: C:\Users\sarat\OneDrive\Desktop\SpringBootworkspace\.metadata\.plugins\org.eclipse.swt\EBWebView\Default
2026-09-06 09:37:17.841: [INFO] Profiles total count: 1
2026-09-06 09:37:17.841: [INFO] Profile: name=Profile 1 path=C:\Users\sarat\OneDrive\Desktop\SpringBootworkspace\.metadata\.plugins\org.eclipse.swt\EBWebView\Default lastActive=null
2026-09-06 09:37:17.841: [INFO] LastUsedProfileDir: C:\Users\sarat\OneDrive\Desktop\SpringBootworkspace\.metadata\.plugins\org.eclipse.swt\EBWebView\Default
2026-09-06 09:37:17.841: [INFO] OnDoneLoading sync enabled: 0
2026-09-06 09:37:17.841: [INFO] BookmarkModelLoaded, ids_reassigned: 0
2026-09-06 09:37:17.841: [INFO] BookmarksLoadDropped droppedNodes=0
2026-09-06 09:37:17.842: [INFO] BookmarksSnapshot Startup total=0 bar=0 other=0 mobile=0 showBar=0 showBarNTP=1
2026-09-06 09:37:19.325: [INFO] BookmarksSnapshot Shutdown total=0 bar=0 other=0 mobile=0 showBar=0 showBarNTP=1
2026-09-06 09:37:53.347: [INFO] CurrentProfilePath: C:\Users\sarat\OneDrive\Desktop\SpringBootworkspace\.metadata\.plugins\org.eclipse.swt\EBWebView\Default
2026-09-06 09:37:53.347: [INFO] Profiles total count: 1
2026-09-06 09:37:53.347: [INFO] Profile: name=Profile 1 path=C:\Users\sarat\OneDrive\Desktop\SpringBootworkspace\.metadata\.plugins\org.eclipse.swt\EBWebView\Default lastActive=null
2026-09-06 09:37:53.347: [INFO] LastUsedProfileDir: C:\Users\sarat\OneDrive\Desktop\SpringBootworkspace\.metadata\.plugins\org.eclipse.swt\EBWebView\Default
2026-09-06 09:37:53.347: [INFO] OnDoneLoading sync enabled: 0
2026-09-06 09:37:53.347: [INFO] BookmarkModelLoaded, ids_reassigned: 0
2026-09-06 09:37:53.347: [INFO] BookmarksLoadDropped droppedNodes=0
2026-09-06 09:37:53.347: [INFO] BookmarksSnapshot Startup total=0 bar=0 other=0 mobile=0 showBar=0 showBarNTP=1
2026-09-06 09:37:56.967: [INFO] BookmarksSnapshot Shutdown total=0 bar=0 other=0 mobile=0 showBar=0 showBarNTP=1
2026-09-06 09:38:15.945: [INFO] CurrentProfilePath: C:\Users\sarat\OneDrive\Desktop\SpringBootworkspace\.metadata\.plugins\org.eclipse.swt\EBWebView\Default
2026-09-06 09:38:15.945: [INFO] Profiles total count: 1
2026-09-06 09:38:15.945: [INFO] Profile: name=Profile 1 path=C:\Users\sarat\OneDrive\Desktop\SpringBootworkspace\.metadata\.plugins\org.eclipse.swt\EBWebView\Default lastActive=null
2026-09-06 09:38:15.945: [INFO] LastUsedProfileDir: C:\Users\sarat\OneDrive\Desktop\SpringBootworkspace\.metadata\.plugins\org.eclipse.swt\EBWebView\Default
2026-09-06 09:38:15.945: [INFO] OnDoneLoading sync enabled: 0
2026-09-06 09:38:15.945: [INFO] BookmarkModelLoaded, ids_reassigned: 0
2026-09-06 09:38:15.945: [INFO] BookmarksLoadDropped droppedNodes=0
2026-09-06 09:38:15.945: [INFO] BookmarksSnapshot Startup total=0 bar=0 other=0 mobile=0 showBar=0 showBarNTP=1
2026-09-06 09:38:16.042: [INFO] BookmarksSnapshot Shutdown total=0 bar=0 other=0 mobile=0 showBar=0 showBarNTP=1
2026-09-06 09:39:08.707: [INFO] CurrentProfilePath: C:\Users\sarat\OneDrive\Desktop\SpringBootworkspace\.metadata\.plugins\org.eclipse.swt\EBWebView\Default
2026-09-06 09:39:08.708: [INFO] Profiles total count: 1
2026-09-06 09:39:08.708: [INFO] Profile: name=Profile 1 path=C:\Users\sarat\OneDrive\Desktop\SpringBootworkspace\.metadata\.plugins\org.eclipse.swt\EBWebView\Default lastActive=null
2026-09-06 09:39:08.708: [INFO] LastUsedProfileDir: C:\Users\sarat\OneDrive\Desktop\SpringBootworkspace\.metadata\.plugins\org.eclipse.swt\EBWebView\Default
2026-09-06 09:39:08.708: [INFO] OnDoneLoading sync enabled: 0
2026-09-06 09:39:08.708: [INFO] BookmarkModelLoaded, ids_reassigned: 0
2026-09-06 09:39:08.708: [INFO] BookmarksLoadDropped droppedNodes=0
2026-09-06 09:39:08.708: [INFO] BookmarksSnapshot Startup total=0 bar=0 other=0 mobile=0 showBar=0 showBarNTP=1
2026-09-06 09:39:11.338: [INFO] BookmarksSnapshot Shutdown total=0 bar=0 other=0 mobile=0 showBar=0 showBarNTP=1
2026-09-06 09:39:25.754: [INFO] CurrentProfilePath: C:\Users\sarat\OneDrive\Desktop\SpringBootworkspace\.metadata\.plugins\org.eclipse.swt\EBWebView\Default
2026-09-06 09:39:25.754: [INFO] Profiles total count: 1
2026-09-06 09:39:25.754: [INFO] Profile: name=Profile 1 path=C:\Users\sarat\OneDrive\Desktop\SpringBootworkspace\.metadata\.plugins\org.eclipse.swt\EBWebView\Default lastActive=null
2026-09-06 09:39:25.754: [INFO] LastUsedProfileDir: C:\Users\sarat\OneDrive\Desktop\SpringBootworkspace\.metadata\.plugins\org.eclipse.swt\EBWebView\Default
2026-09-06 09:39:25.754: [INFO] OnDoneLoading sync enabled: 0
2026-09-06 09:39:25.754: [INFO] BookmarkModelLoaded, ids_reassigned: 0
2026-09-06 09:39:25.754: [INFO] BookmarksLoadDropped droppedNodes=0
2026-09-06 09:39:25.754: [INFO] BookmarksSnapshot Startup total=0 bar=0 other=0 mobile=0 showBar=0 showBarNTP=1
2026-09-06 09:39:28.094: [INFO] BookmarksSnapshot Shutdown total=0 bar=0 other=0 mobile=0 showBar=0 showBarNTP=1
2026-09-06 09:42:37.601: [INFO] CurrentProfilePath: C:\Users\sarat\OneDrive\Desktop\SpringBootworkspace\.metadata\.plugins\org.eclipse.swt\EBWebView\Default
2026-09-06 09:42:37.601: [INFO] Profiles total count: 1
2026-09-06 09:42:37.601: [INFO] Profile: name=Profile 1 path=C:\Users\sarat\OneDrive\Desktop\SpringBootworkspace\.metadata\.plugins\org.eclipse.swt\EBWebView\Default lastActive=null
2026-09-06 09:42:37.601: [INFO] LastUsedProfileDir: C:\Users\sarat\OneDrive\Desktop\SpringBootworkspace\.metadata\.plugins\org.eclipse.swt\EBWebView\Default
2026-09-06 09:42:37.601: [INFO] OnDoneLoading sync enabled: 0
2026-09-06 09:42:37.601: [INFO] BookmarkModelLoaded, ids_reassigned: 0
2026-09-06 09:42:37.601: [INFO] BookmarksLoadDropped droppedNodes=0
2026-09-06 09:42:37.601: [INFO] BookmarksSnapshot Startup total=0 bar=0 other=0 mobile=0 showBar=0 showBarNTP=1
2026-09-06 09:42:47.301: [INFO] BookmarksSnapshot Shutdown total=0 bar=0 other=0 mobile=0 showBar=0 showBarNTP=1
2026-09-06 09:43:34.483: [INFO] CurrentProfilePath: C:\Users\sarat\OneDrive\Desktop\SpringBootworkspace\.metadata\.plugins\org.eclipse.swt\EBWebView\Default
2026-09-06 09:43:34.483: [INFO] Profiles total count: 1
2026-09-06 09:43:34.483: [INFO] Profile: name=Profile 1 path=C:\Users\sarat\OneDrive\Desktop\SpringBootworkspace\.metadata\.plugins\org.eclipse.swt\EBWebView\Default lastActive=null
2026-09-06 09:43:34.483: [INFO] LastUsedProfileDir: C:\Users\sarat\OneDrive\Desktop\SpringBootworkspace\.metadata\.plugins\org.eclipse.swt\EBWebView\Default
2026-09-06 09:43:34.483: [INFO] OnDoneLoading sync enabled: 0
2026-09-06 09:43:34.483: [INFO] BookmarkModelLoaded, ids_reassigned: 0
2026-09-06 09:43:34.483: [INFO] BookmarksLoadDropped droppedNodes=0
2026-09-06 09:43:34.483: [INFO] BookmarksSnapshot Startup total=0 bar=0 other=0 mobile=0 showBar=0 showBarNTP=1
2026-09-06 09:43:36.946: [INFO] BookmarksSnapshot Shutdown total=0 bar=0 other=0 mobile=0 showBar=0 showBarNTP=1
2026-09-06 09:44:37.078: [INFO] CurrentProfilePath: C:\Users\sarat\OneDrive\Desktop\SpringBootworkspace\.metadata\.plugins\org.eclipse.swt\EBWebView\Default
2026-09-06 09:44:37.078: [INFO] Profiles total count: 1
2026-09-06 09:44:37.078: [INFO] Profile: name=Profile 1 path=C:\Users\sarat\OneDrive\Desktop\SpringBootworkspace\.metadata\.plugins\org.eclipse.swt\EBWebView\Default lastActive=null
2026-09-06 09:44:37.078: [INFO] LastUsedProfileDir: C:\Users\sarat\OneDrive\Desktop\SpringBootworkspace\.metadata\.plugins\org.eclipse.swt\EBWebView\Default
2026-09-06 09:44:37.078: [INFO] OnDoneLoading sync enabled: 0
2026-09-06 09:44:37.078: [INFO] BookmarkModelLoaded, ids_reassigned: 0
2026-09-06 09:44:37.078: [INFO] BookmarksLoadDropped droppedNodes=0
2026-09-06 09:44:37.078: [INFO] BookmarksSnapshot Startup total=0 bar=0 other=0 mobile=0 showBar=0 showBarNTP=1
2026-09-06 09:44:41.413: [INFO] BookmarksSnapshot Shutdown total=0 bar=0 other=0 mobile=0 showBar=0 showBarNTP=1
2026-09-06 09:45:47.845: [INFO] CurrentProfilePath: C:\Users\sarat\OneDrive\Desktop\SpringBootworkspace\.metadata\.plugins\org.eclipse.swt\EBWebView\Default
2026-09-06 09:45:47.845: [INFO] Profiles total count: 1
2026-09-06 09:45:47.845: [INFO] Profile: name=Profile 1 path=C:\Users\sarat\OneDrive\Desktop\SpringBootworkspace\.metadata\.plugins\org.eclipse.swt\EBWebView\Default lastActive=null
2026-09-06 09:45:47.845: [INFO] LastUsedProfileDir: C:\Users\sarat\OneDrive\Desktop\SpringBootworkspace\.metadata\.plugins\org.eclipse.swt\EBWebView\Default
2026-09-06 09:45:47.845: [INFO] OnDoneLoading sync enabled: 0
2026-09-06 09:45:47.845: [INFO] BookmarkModelLoaded, ids_reassigned: 0
2026-09-06 09:45:47.845: [INFO] BookmarksLoadDropped droppedNodes=0
2026-09-06 09:45:47.845: [INFO] BookmarksSnapshot Startup total=0 bar=0 other=0 mobile=0 showBar=0 showBarNTP=1
2026-09-06 09:45:57.360: [INFO] BookmarksSnapshot Shutdown total=0 bar=0 other=0 mobile=0 showBar=0 showBarNTP=1
2026-09-06 09:47:20.031: [INFO] CurrentProfilePath: C:\Users\sarat\OneDrive\Desktop\SpringBootworkspace\.metadata\.plugins\org.eclipse.swt\EBWebView\Default
2026-09-06 09:47:20.031: [INFO] Profiles total count: 1
2026-09-06 09:47:20.031: [INFO] Profile: name=Profile 1 path=C:\Users\sarat\OneDrive\Desktop\SpringBootworkspace\.metadata\.plugins\org.eclipse.swt\EBWebView\Default lastActive=null
2026-09-06 09:47:20.031: [INFO] LastUsedProfileDir: C:\Users\sarat\OneDrive\Desktop\SpringBootworkspace\.metadata\.plugins\org.eclipse.swt\EBWebView\Default
2026-09-06 09:47:20.031: [INFO] OnDoneLoading sync enabled: 0
2026-09-06 09:47:20.031: [INFO] BookmarkModelLoaded, ids_reassigned: 0
2026-09-06 09:47:20.031: [INFO] BookmarksLoadDropped droppedNodes=0
2026-09-06 09:47:20.031: [INFO] BookmarksSnapshot Startup total=0 bar=0 other=0 mobile=0 showBar=0 showBarNTP=1
2026-09-06 09:52:08.265: [INFO] BookmarksSnapshot Shutdown total=0 bar=0 other=0 mobile=0 showBar=0 showBarNTP=1
2026-09-06 09:52:20.939: [INFO] CurrentProfilePath: C:\Users\sarat\OneDrive\Desktop\SpringBootworkspace\.metadata\.plugins\org.eclipse.swt\EBWebView\Default
2026-09-06 09:52:20.939: [INFO] Profiles total count: 1
2026-09-06 09:52:20.939: [INFO] Profile: name=Profile 1 path=C:\Users\sarat\OneDrive\Desktop\SpringBootworkspace\.metadata\.plugins\org.eclipse.swt\EBWebView\Default lastActive=null
2026-09-06 09:52:20.939: [INFO] LastUsedProfileDir: C:\Users\sarat\OneDrive\Desktop\SpringBootworkspace\.metadata\.plugins\org.eclipse.swt\EBWebView\Default
2026-09-06 09:52:20.939: [INFO] OnDoneLoading sync enabled: 0
2026-09-06 09:52:20.939: [INFO] BookmarkModelLoaded, ids_reassigned: 0
2026-09-06 09:52:20.939: [INFO] BookmarksLoadDropped droppedNodes=0
2026-09-06 09:52:20.939: [INFO] BookmarksSnapshot Startup total=0 bar=0 other=0 mobile=0 showBar=0 showBarNTP=1
2026-09-06 09:53:57.017: [INFO] BookmarksSnapshot Shutdown total=0 bar=0 other=0 mobile=0 showBar=0 showBarNTP=1
2026-09-06 14:00:42.606: [INFO] CurrentProfilePath: C:\Users\sarat\OneDrive\Desktop\SpringBootworkspace\.metadata\.plugins\org.eclipse.swt\EBWebView\Default
2026-09-06 14:00:42.606: [INFO] Profiles total count: 1
2026-09-06 14:00:42.606: [INFO] Profile: name=Profile 1 path=C:\Users\sarat\OneDrive\Desktop\SpringBootworkspace\.metadata\.plugins\org.eclipse.swt\EBWebView\Default lastActive=2026-09-06T09:53:29.263Z
2026-09-06 14:00:42.606: [INFO] LastUsedProfileDir: C:\Users\sarat\OneDrive\Desktop\SpringBootworkspace\.metadata\.plugins\org.eclipse.swt\EBWebView\Default
2026-09-06 14:00:42.606: [INFO] MostRecentlyActiveProfile: name=Profile 1 path=C:\Users\sarat\OneDrive\Desktop\SpringBootworkspace\.metadata\.plugins\org.eclipse.swt\EBWebView\Default lastActive=2026-09-06T09:53:29.263Z
2026-09-06 14:00:42.606: [INFO] OnDoneLoading sync enabled: 0
2026-09-06 14:00:42.606: [INFO] BookmarkModelLoaded, ids_reassigned: 0
2026-09-06 14:00:42.606: [INFO] BookmarksLoadDropped droppedNodes=0
2026-09-06 14:00:42.606: [INFO] BookmarksSnapshot Startup total=0 bar=0 other=0 mobile=0 showBar=0 showBarNTP=1
2026-09-06 14:00:46.079: [INFO] BookmarksSnapshot Shutdown total=0 bar=0 other=0 mobile=0 showBar=0 showBarNTP=1
2026-09-06 14:09:08.552: [INFO] CurrentProfilePath: C:\Users\sarat\OneDrive\Desktop\SpringBootworkspace\.metadata\.plugins\org.eclipse.swt\EBWebView\Default
2026-09-06 14:09:08.552: [INFO] Profiles total count: 1
2026-09-06 14:09:08.552: [INFO] Profile: name=Profile 1 path=C:\Users\sarat\OneDrive\Desktop\SpringBootworkspace\.metadata\.plugins\org.eclipse.swt\EBWebView\Default lastActive=2026-09-06T09:53:29.263Z
2026-09-06 14:09:08.552: [INFO] LastUsedProfileDir: C:\Users\sarat\OneDrive\Desktop\SpringBootworkspace\.metadata\.plugins\org.eclipse.swt\EBWebView\Default
2026-09-06 14:09:08.552: [INFO] MostRecentlyActiveProfile: name=Profile 1 path=C:\Users\sarat\OneDrive\Desktop\SpringBootworkspace\.metadata\.plugins\org.eclipse.swt\EBWebView\Default lastActive=2026-09-06T09:53:29.263Z
2026-09-06 14:09:08.552: [INFO] OnDoneLoading sync enabled: 0
2026-09-06 14:09:08.552: [INFO] BookmarkModelLoaded, ids_reassigned: 0
2026-09-06 14:09:08.552: [INFO] BookmarksLoadDropped droppedNodes=0
2026-09-06 14:09:08.552: [INFO] BookmarksSnapshot Startup total=0 bar=0 other=0 mobile=0 showBar=0 showBarNTP=1
2026-09-06 14:09:56.269: [INFO] BookmarksSnapshot Shutdown total=0 bar=0 other=0 mobile=0 showBar=0 showBarNTP=1
2026-09-06 14:09:59.920: [INFO] CurrentProfilePath: C:\Users\sarat\OneDrive\Desktop\SpringBootworkspace\.metadata\.plugins\org.eclipse.swt\EBWebView\Default
2026-09-06 14:09:59.920: [INFO] Profiles total count: 1
2026-09-06 14:09:59.920: [INFO] Profile: name=Profile 1 path=C:\Users\sarat\OneDrive\Desktop\SpringBootworkspace\.metadata\.plugins\org.eclipse.swt\EBWebView\Default lastActive=2026-09-06T09:53:29.263Z
2026-09-06 14:09:59.920: [INFO] LastUsedProfileDir: C:\Users\sarat\OneDrive\Desktop\SpringBootworkspace\.metadata\.plugins\org.eclipse.swt\EBWebView\Default
2026-09-06 14:09:59.920: [INFO] MostRecentlyActiveProfile: name=Profile 1 path=C:\Users\sarat\OneDrive\Desktop\SpringBootworkspace\.metadata\.plugins\org.eclipse.swt\EBWebView\Default lastActive=2026-09-06T09:53:29.263Z
2026-09-06 14:09:59.920: [INFO] OnDoneLoading sync enabled: 0
2026-09-06 14:09:59.920: [INFO] BookmarkModelLoaded, ids_reassigned: 0
2026-09-06 14:09:59.920: [INFO] BookmarksLoadDropped droppedNodes=0
2026-09-06 14:09:59.920: [INFO] BookmarksSnapshot Startup total=0 bar=0 other=0 mobile=0 showBar=0 showBarNTP=1
2026-09-06 14:15:06.794: [INFO] BookmarksSnapshot Shutdown total=0 bar=0 other=0 mobile=0 showBar=0 showBarNTP=1
2026-09-06 14:17:49.949: [INFO] CurrentProfilePath: C:\Users\sarat\OneDrive\Desktop\SpringBootworkspace\.metadata\.plugins\org.eclipse.swt\EBWebView\Default
2026-09-06 14:17:49.949: [INFO] Profiles total count: 1
2026-09-06 14:17:49.949: [INFO] Profile: name=Profile 1 path=C:\Users\sarat\OneDrive\Desktop\SpringBootworkspace\.metadata\.plugins\org.eclipse.swt\EBWebView\Default lastActive=2026-09-06T09:53:29.263Z
2026-09-06 14:17:49.949: [INFO] LastUsedProfileDir: C:\Users\sarat\OneDrive\Desktop\SpringBootworkspace\.metadata\.plugins\org.eclipse.swt\EBWebView\Default
2026-09-06 14:17:49.949: [INFO] MostRecentlyActiveProfile: name=Profile 1 path=C:\Users\sarat\OneDrive\Desktop\SpringBootworkspace\.metadata\.plugins\org.eclipse.swt\EBWebView\Default lastActive=2026-09-06T09:53:29.263Z
2026-09-06 14:17:49.949: [INFO] OnDoneLoading sync enabled: 0
2026-09-06 14:17:49.949: [INFO] BookmarkModelLoaded, ids_reassigned: 0
2026-09-06 14:17:49.949: [INFO] BookmarksLoadDropped droppedNodes=0
2026-09-06 14:17:49.949: [INFO] BookmarksSnapshot Startup total=0 bar=0 other=0 mobile=0 showBar=0 showBarNTP=1
2026-09-06 14:17:55.951: [INFO] BookmarksSnapshot Shutdown total=0 bar=0 other=0 mobile=0 showBar=0 showBarNTP=1
2026-09-06 14:18:19.490: [INFO] CurrentProfilePath: C:\Users\sarat\OneDrive\Desktop\SpringBootworkspace\.metadata\.plugins\org.eclipse.swt\EBWebView\Default
2026-09-06 14:18:19.490: [INFO] Profiles total count: 1
2026-09-06 14:18:19.490: [INFO] Profile: name=Profile 1 path=C:\Users\sarat\OneDrive\Desktop\SpringBootworkspace\.metadata\.plugins\org.eclipse.swt\EBWebView\Default lastActive=2026-09-06T09:53:29.263Z
2026-09-06 14:18:19.490: [INFO] LastUsedProfileDir: C:\Users\sarat\OneDrive\Desktop\SpringBootworkspace\.metadata\.plugins\org.eclipse.swt\EBWebView\Default
2026-09-06 14:18:19.490: [INFO] MostRecentlyActiveProfile: name=Profile 1 path=C:\Users\sarat\OneDrive\Desktop\SpringBootworkspace\.metadata\.plugins\org.eclipse.swt\EBWebView\Default lastActive=2026-09-06T09:53:29.263Z
2026-09-06 14:18:19.490: [INFO] OnDoneLoading sync enabled: 0
2026-09-06 14:18:19.490: [INFO] BookmarkModelLoaded, ids_reassigned: 0
2026-09-06 14:18:19.490: [INFO] BookmarksLoadDropped droppedNodes=0
2026-09-06 14:18:19.490: [INFO] BookmarksSnapshot Startup total=0 bar=0 other=0 mobile=0 showBar=0 showBarNTP=1
2026-09-06 14:58:41.080: [INFO] BookmarksSnapshot Shutdown total=0 bar=0 other=0 mobile=0 showBar=0 showBarNTP=1
2026-09-06 15:00:20.138: [INFO] CurrentProfilePath: C:\Users\sarat\OneDrive\Desktop\SpringBootworkspace\.metadata\.plugins\org.eclipse.swt\EBWebView\Default
2026-09-06 15:00:20.138: [INFO] Profiles total count: 1
2026-09-06 15:00:20.138: [INFO] Profile: name=Profile 1 path=C:\Users\sarat\OneDrive\Desktop\SpringBootworkspace\.metadata\.plugins\org.eclipse.swt\EBWebView\Default lastActive=2026-09-06T09:53:29.263Z
2026-09-06 15:00:20.138: [INFO] LastUsedProfileDir: C:\Users\sarat\OneDrive\Desktop\SpringBootworkspace\.metadata\.plugins\org.eclipse.swt\EBWebView\Default
2026-09-06 15:00:20.138: [INFO] MostRecentlyActiveProfile: name=Profile 1 path=C:\Users\sarat\OneDrive\Desktop\SpringBootworkspace\.metadata\.plugins\org.eclipse.swt\EBWebView\Default lastActive=2026-09-06T09:53:29.263Z
2026-09-06 15:00:20.138: [INFO] OnDoneLoading sync enabled: 0
2026-09-06 15:00:20.138: [INFO] BookmarkModelLoaded, ids_reassigned: 0
2026-09-06 15:00:20.138: [INFO] BookmarksLoadDropped droppedNodes=0
2026-09-06 15:00:20.138: [INFO] BookmarksSnapshot Startup total=0 bar=0 other=0 mobile=0 showBar=0 showBarNTP=1
2026-09-06 15:00:24.261: [INFO] BookmarksSnapshot Shutdown total=0 bar=0 other=0 mobile=0 showBar=0 showBarNTP=1
2026-09-06 15:00:57.454: [INFO] CurrentProfilePath: C:\Users\sarat\OneDrive\Desktop\SpringBootworkspace\.metadata\.plugins\org.eclipse.swt\EBWebView\Default
2026-09-06 15:00:57.454: [INFO] Profiles total count: 1
2026-09-06 15:00:57.454: [INFO] Profile: name=Profile 1 path=C:\Users\sarat\OneDrive\Desktop\SpringBootworkspace\.metadata\.plugins\org.eclipse.swt\EBWebView\Default lastActive=2026-09-06T09:53:29.263Z
2026-09-06 15:00:57.454: [INFO] LastUsedProfileDir: C:\Users\sarat\OneDrive\Desktop\SpringBootworkspace\.metadata\.plugins\org.eclipse.swt\EBWebView\Default
2026-09-06 15:00:57.454: [INFO] MostRecentlyActiveProfile: name=Profile 1 path=C:\Users\sarat\OneDrive\Desktop\SpringBootworkspace\.metadata\.plugins\org.eclipse.swt\EBWebView\Default lastActive=2026-09-06T09:53:29.263Z
2026-09-06 15:00:57.454: [INFO] OnDoneLoading sync enabled: 0
2026-09-06 15:00:57.454: [INFO] BookmarkModelLoaded, ids_reassigned: 0
2026-09-06 15:00:57.454: [INFO] BookmarksLoadDropped droppedNodes=0
2026-09-06 15:00:57.454: [INFO] BookmarksSnapshot Startup total=0 bar=0 other=0 mobile=0 showBar=0 showBarNTP=1
2026-09-06 15:01:04.933: [INFO] BookmarksSnapshot Shutdown total=0 bar=0 other=0 mobile=0 showBar=0 showBarNTP=1
2026-09-06 15:01:11.096: [INFO] CurrentProfilePath: C:\Users\sarat\OneDrive\Desktop\SpringBootworkspace\.metadata\.plugins\org.eclipse.swt\EBWebView\Default
2026-09-06 15:01:11.096: [INFO] Profiles total count: 1
2026-09-06 15:01:11.096: [INFO] Profile: name=Profile 1 path=C:\Users\sarat\OneDrive\Desktop\SpringBootworkspace\.metadata\.plugins\org.eclipse.swt\EBWebView\Default lastActive=2026-09-06T09:53:29.263Z
2026-09-06 15:01:11.096: [INFO] LastUsedProfileDir: C:\Users\sarat\OneDrive\Desktop\SpringBootworkspace\.metadata\.plugins\org.eclipse.swt\EBWebView\Default
2026-09-06 15:01:11.096: [INFO] MostRecentlyActiveProfile: name=Profile 1 path=C:\Users\sarat\OneDrive\Desktop\SpringBootworkspace\.metadata\.plugins\org.eclipse.swt\EBWebView\Default lastActive=2026-09-06T09:53:29.263Z
2026-09-06 15:01:11.097: [INFO] OnDoneLoading sync enabled: 0
2026-09-06 15:01:11.097: [INFO] BookmarkModelLoaded, ids_reassigned: 0
2026-09-06 15:01:11.097: [INFO] BookmarksLoadDropped droppedNodes=0
2026-09-06 15:01:11.097: [INFO] BookmarksSnapshot Startup total=0 bar=0 other=0 mobile=0 showBar=0 showBarNTP=1
2026-09-06 15:01:20.994: [INFO] BookmarksSnapshot Shutdown total=0 bar=0 other=0 mobile=0 showBar=0 showBarNTP=1
2026-09-06 15:02:23.345: [INFO] CurrentProfilePath: C:\Users\sarat\OneDrive\Desktop\SpringBootworkspace\.metadata\.plugins\org.eclipse.swt\EBWebView\Default
2026-09-06 15:02:23.345: [INFO] Profiles total count: 1
2026-09-06 15:02:23.345: [INFO] Profile: name=Profile 1 path=C:\Users\sarat\OneDrive\Desktop\SpringBootworkspace\.metadata\.plugins\org.eclipse.swt\EBWebView\Default lastActive=2026-09-06T09:53:29.263Z
2026-09-06 15:02:23.345: [INFO] LastUsedProfileDir: C:\Users\sarat\OneDrive\Desktop\SpringBootworkspace\.metadata\.plugins\org.eclipse.swt\EBWebView\Default
2026-09-06 15:02:23.345: [INFO] MostRecentlyActiveProfile: name=Profile 1 path=C:\Users\sarat\OneDrive\Desktop\SpringBootworkspace\.metadata\.plugins\org.eclipse.swt\EBWebView\Default lastActive=2026-09-06T09:53:29.263Z
2026-09-06 15:02:23.345: [INFO] OnDoneLoading sync enabled: 0
2026-09-06 15:02:23.345: [INFO] BookmarkModelLoaded, ids_reassigned: 0
2026-09-06 15:02:23.345: [INFO] BookmarksLoadDropped droppedNodes=0
2026-09-06 15:02:23.345: [INFO] BookmarksSnapshot Startup total=0 bar=0 other=0 mobile=0 showBar=0 showBarNTP=1
2026-09-06 15:02:26.040: [INFO] BookmarksSnapshot Shutdown total=0 bar=0 other=0 mobile=0 showBar=0 showBarNTP=1
2026-09-06 15:02:43.794: [INFO] CurrentProfilePath: C:\Users\sarat\OneDrive\Desktop\SpringBootworkspace\.metadata\.plugins\org.eclipse.swt\EBWebView\Default
2026-09-06 15:02:43.794: [INFO] Profiles total count: 1
2026-09-06 15:02:43.794: [INFO] Profile: name=Profile 1 path=C:\Users\sarat\OneDrive\Desktop\SpringBootworkspace\.metadata\.plugins\org.eclipse.swt\EBWebView\Default lastActive=2026-09-06T09:53:29.263Z
2026-09-06 15:02:43.794: [INFO] LastUsedProfileDir: C:\Users\sarat\OneDrive\Desktop\SpringBootworkspace\.metadata\.plugins\org.eclipse.swt\EBWebView\Default
2026-09-06 15:02:43.794: [INFO] MostRecentlyActiveProfile: name=Profile 1 path=C:\Users\sarat\OneDrive\Desktop\SpringBootworkspace\.metadata\.plugins\org.eclipse.swt\EBWebView\Default lastActive=2026-09-06T09:53:29.263Z
2026-09-06 15:02:43.794: [INFO] OnDoneLoading sync enabled: 0
2026-09-06 15:02:43.794: [INFO] BookmarkModelLoaded, ids_reassigned: 0
2026-09-06 15:02:43.794: [INFO] BookmarksLoadDropped droppedNodes=0
2026-09-06 15:02:43.794: [INFO] BookmarksSnapshot Startup total=0 bar=0 other=0 mobile=0 showBar=0 showBarNTP=1
2026-09-06 15:07:56.553: [INFO] BookmarksSnapshot Shutdown total=0 bar=0 other=0 mobile=0 showBar=0 showBarNTP=1
2026-09-06 15:08:21.437: [INFO] CurrentProfilePath: C:\Users\sarat\OneDrive\Desktop\SpringBootworkspace\.metadata\.plugins\org.eclipse.swt\EBWebView\Default
2026-09-06 15:08:21.437: [INFO] Profiles total count: 1
2026-09-06 15:08:21.437: [INFO] Profile: name=Profile 1 path=C:\Users\sarat\OneDrive\Desktop\SpringBootworkspace\.metadata\.plugins\org.eclipse.swt\EBWebView\Default lastActive=2026-09-06T09:53:29.263Z
2026-09-06 15:08:21.437: [INFO] LastUsedProfileDir: C:\Users\sarat\OneDrive\Desktop\SpringBootworkspace\.metadata\.plugins\org.eclipse.swt\EBWebView\Default
2026-09-06 15:08:21.437: [INFO] MostRecentlyActiveProfile: name=Profile 1 path=C:\Users\sarat\OneDrive\Desktop\SpringBootworkspace\.metadata\.plugins\org.eclipse.swt\EBWebView\Default lastActive=2026-09-06T09:53:29.263Z
2026-09-06 15:08:21.437: [INFO] OnDoneLoading sync enabled: 0
2026-09-06 15:08:21.437: [INFO] BookmarkModelLoaded, ids_reassigned: 0
2026-09-06 15:08:21.437: [INFO] BookmarksLoadDropped droppedNodes=0
2026-09-06 15:08:21.437: [INFO] BookmarksSnapshot Startup total=0 bar=0 other=0 mobile=0 showBar=0 showBarNTP=1
2026-09-06 15:15:50.282: [INFO] BookmarksSnapshot Shutdown total=0 bar=0 other=0 mobile=0 showBar=0 showBarNTP=1
2026-09-06 15:17:27.080: [INFO] CurrentProfilePath: C:\Users\sarat\OneDrive\Desktop\SpringBootworkspace\.metadata\.plugins\org.eclipse.swt\EBWebView\Default
2026-09-06 15:17:27.080: [INFO] Profiles total count: 1
2026-09-06 15:17:27.080: [INFO] Profile: name=Profile 1 path=C:\Users\sarat\OneDrive\Desktop\SpringBootworkspace\.metadata\.plugins\org.eclipse.swt\EBWebView\Default lastActive=2026-09-06T09:53:29.263Z
2026-09-06 15:17:27.080: [INFO] LastUsedProfileDir: C:\Users\sarat\OneDrive\Desktop\SpringBootworkspace\.metadata\.plugins\org.eclipse.swt\EBWebView\Default
2026-09-06 15:17:27.080: [INFO] MostRecentlyActiveProfile: name=Profile 1 path=C:\Users\sarat\OneDrive\Desktop\SpringBootworkspace\.metadata\.plugins\org.eclipse.swt\EBWebView\Default lastActive=2026-09-06T09:53:29.263Z
2026-09-06 15:17:27.080: [INFO] OnDoneLoading sync enabled: 0
2026-09-06 15:17:27.080: [INFO] BookmarkModelLoaded, ids_reassigned: 0
2026-09-06 15:17:27.080: [INFO] BookmarksLoadDropped droppedNodes=0
2026-09-06 15:17:27.080: [INFO] BookmarksSnapshot Startup total=0 bar=0 other=0 mobile=0 showBar=0 showBarNTP=1
2026-09-06 15:17:28.852: [INFO] BookmarksSnapshot Shutdown total=0 bar=0 other=0 mobile=0 showBar=0 showBarNTP=1
2026-09-06 15:17:28.964: [INFO] CurrentProfilePath: C:\Users\sarat\OneDrive\Desktop\SpringBootworkspace\.metadata\.plugins\org.eclipse.swt\EBWebView\Default
2026-09-06 15:17:28.964: [INFO] Profiles total count: 1
2026-09-06 15:17:28.964: [INFO] Profile: name=Profile 1 path=C:\Users\sarat\OneDrive\Desktop\SpringBootworkspace\.metadata\.plugins\org.eclipse.swt\EBWebView\Default lastActive=2026-09-06T09:53:29.263Z
2026-09-06 15:17:28.964: [INFO] LastUsedProfileDir: C:\Users\sarat\OneDrive\Desktop\SpringBootworkspace\.metadata\.plugins\org.eclipse.swt\EBWebView\Default
2026-09-06 15:17:28.964: [INFO] MostRecentlyActiveProfile: name=Profile 1 path=C:\Users\sarat\OneDrive\Desktop\SpringBootworkspace\.metadata\.plugins\org.eclipse.swt\EBWebView\Default lastActive=2026-09-06T09:53:29.263Z
2026-09-06 15:17:28.964: [INFO] OnDoneLoading sync enabled: 0
2026-09-06 15:17:28.964: [INFO] BookmarkModelLoaded, ids_reassigned: 0
2026-09-06 15:17:28.964: [INFO] BookmarksLoadDropped droppedNodes=0
2026-09-06 15:17:28.964: [INFO] BookmarksSnapshot Startup total=0 bar=0 other=0 mobile=0 showBar=0 showBarNTP=1
2026-09-07 04:08:53.493: [INFO] CurrentProfilePath: C:\Users\sarat\OneDrive\Desktop\SpringBootworkspace\.metadata\.plugins\org.eclipse.swt\EBWebView\Default
2026-09-07 04:08:53.493: [INFO] Profiles total count: 1
2026-09-07 04:08:53.493: [INFO] Profile: name=Profile 1 path=C:\Users\sarat\OneDrive\Desktop\SpringBootworkspace\.metadata\.plugins\org.eclipse.swt\EBWebView\Default lastActive=2026-09-06T09:53:29.263Z
2026-09-07 04:08:53.493: [INFO] LastUsedProfileDir: C:\Users\sarat\OneDrive\Desktop\SpringBootworkspace\.metadata\.plugins\org.eclipse.swt\EBWebView\Default
2026-09-07 04:08:53.493: [INFO] MostRecentlyActiveProfile: name=Profile 1 path=C:\Users\sarat\OneDrive\Desktop\SpringBootworkspace\.metadata\.plugins\org.eclipse.swt\EBWebView\Default lastActive=2026-09-06T09:53:29.263Z
2026-09-07 04:08:53.493: [INFO] OnDoneLoading sync enabled: 0
2026-09-07 04:08:53.493: [INFO] BookmarkModelLoaded, ids_reassigned: 0
2026-09-07 04:08:53.493: [INFO] BookmarksLoadDropped droppedNodes=0
2026-09-07 04:08:53.493: [INFO] BookmarksSnapshot Startup total=0 bar=0 other=0 mobile=0 showBar=0 showBarNTP=1
2026-09-07 04:09:30.024: [INFO] BookmarksSnapshot Shutdown total=0 bar=0 other=0 mobile=0 showBar=0 showBarNTP=1
2026-09-07 04:09:47.367: [INFO] CurrentProfilePath: C:\Users\sarat\OneDrive\Desktop\SpringBootworkspace\.metadata\.plugins\org.eclipse.swt\EBWebView\Default
2026-09-07 04:09:47.367: [INFO] Profiles total count: 1
2026-09-07 04:09:47.367: [INFO] Profile: name=Profile 1 path=C:\Users\sarat\OneDrive\Desktop\SpringBootworkspace\.metadata\.plugins\org.eclipse.swt\EBWebView\Default lastActive=2026-09-06T09:53:29.263Z
2026-09-07 04:09:47.367: [INFO] LastUsedProfileDir: C:\Users\sarat\OneDrive\Desktop\SpringBootworkspace\.metadata\.plugins\org.eclipse.swt\EBWebView\Default
2026-09-07 04:09:47.367: [INFO] MostRecentlyActiveProfile: name=Profile 1 path=C:\Users\sarat\OneDrive\Desktop\SpringBootworkspace\.metadata\.plugins\org.eclipse.swt\EBWebView\Default lastActive=2026-09-06T09:53:29.263Z
2026-09-07 04:09:47.367: [INFO] OnDoneLoading sync enabled: 0
2026-09-07 04:09:47.367: [INFO] BookmarkModelLoaded, ids_reassigned: 0
2026-09-07 04:09:47.367: [INFO] BookmarksLoadDropped droppedNodes=0
2026-09-07 04:09:47.367: [INFO] BookmarksSnapshot Startup total=0 bar=0 other=0 mobile=0 showBar=0 showBarNTP=1
2026-09-07 04:10:45.995: [INFO] BookmarksSnapshot Shutdown total=0 bar=0 other=0 mobile=0 showBar=0 showBarNTP=1
2026-09-07 04:22:25.594: [INFO] CurrentProfilePath: C:\Users\sarat\OneDrive\Desktop\SpringBootworkspace\.metadata\.plugins\org.eclipse.swt\EBWebView\Default
2026-09-07 04:22:25.594: [INFO] Profiles total count: 1
2026-09-07 04:22:25.594: [INFO] Profile: name=Profile 1 path=C:\Users\sarat\OneDrive\Desktop\SpringBootworkspace\.metadata\.plugins\org.eclipse.swt\EBWebView\Default lastActive=2026-09-06T09:53:29.263Z
2026-09-07 04:22:25.594: [INFO] LastUsedProfileDir: C:\Users\sarat\OneDrive\Desktop\SpringBootworkspace\.metadata\.plugins\org.eclipse.swt\EBWebView\Default
2026-09-07 04:22:25.594: [INFO] MostRecentlyActiveProfile: name=Profile 1 path=C:\Users\sarat\OneDrive\Desktop\SpringBootworkspace\.metadata\.plugins\org.eclipse.swt\EBWebView\Default lastActive=2026-09-06T09:53:29.263Z
2026-09-07 04:22:25.594: [INFO] OnDoneLoading sync enabled: 0
2026-09-07 04:22:25.594: [INFO] BookmarkModelLoaded, ids_reassigned: 0
2026-09-07 04:22:25.594: [INFO] BookmarksLoadDropped droppedNodes=0
2026-09-07 04:22:25.594: [INFO] BookmarksSnapshot Startup total=0 bar=0 other=0 mobile=0 showBar=0 showBarNTP=1
2026-09-07 04:23:35.738: [INFO] BookmarksSnapshot Shutdown total=0 bar=0 other=0 mobile=0 showBar=0 showBarNTP=1
2026-09-07 04:26:04.442: [INFO] CurrentProfilePath: C:\Users\sarat\OneDrive\Desktop\SpringBootworkspace\.metadata\.plugins\org.eclipse.swt\EBWebView\Default
2026-09-07 04:26:04.442: [INFO] Profiles total count: 1
2026-09-07 04:26:04.442: [INFO] Profile: name=Profile 1 path=C:\Users\sarat\OneDrive\Desktop\SpringBootworkspace\.metadata\.plugins\org.eclipse.swt\EBWebView\Default lastActive=2026-09-06T09:53:29.263Z
2026-09-07 04:26:04.442: [INFO] LastUsedProfileDir: C:\Users\sarat\OneDrive\Desktop\SpringBootworkspace\.metadata\.plugins\org.eclipse.swt\EBWebView\Default
2026-09-07 04:26:04.442: [INFO] MostRecentlyActiveProfile: name=Profile 1 path=C:\Users\sarat\OneDrive\Desktop\SpringBootworkspace\.metadata\.plugins\org.eclipse.swt\EBWebView\Default lastActive=2026-09-06T09:53:29.263Z
2026-09-07 04:26:04.442: [INFO] OnDoneLoading sync enabled: 0
2026-09-07 04:26:04.442: [INFO] BookmarkModelLoaded, ids_reassigned: 0
2026-09-07 04:26:04.442: [INFO] BookmarksLoadDropped droppedNodes=0
2026-09-07 04:26:04.442: [INFO] BookmarksSnapshot Startup total=0 bar=0 other=0 mobile=0 showBar=0 showBarNTP=1
2026-09-07 04:50:38.962: [INFO] BookmarksSnapshot Shutdown total=0 bar=0 other=0 mobile=0 showBar=0 showBarNTP=1
2026-09-07 04:50:49.023: [INFO] CurrentProfilePath: C:\Users\sarat\OneDrive\Desktop\SpringBootworkspace\.metadata\.plugins\org.eclipse.swt\EBWebView\Default
2026-09-07 04:50:49.023: [INFO] Profiles total count: 1
2026-09-07 04:50:49.023: [INFO] Profile: name=Profile 1 path=C:\Users\sarat\OneDrive\Desktop\SpringBootworkspace\.metadata\.plugins\org.eclipse.swt\EBWebView\Default lastActive=2026-09-06T09:53:29.263Z
2026-09-07 04:50:49.023: [INFO] LastUsedProfileDir: C:\Users\sarat\OneDrive\Desktop\SpringBootworkspace\.metadata\.plugins\org.eclipse.swt\EBWebView\Default
2026-09-07 04:50:49.023: [INFO] MostRecentlyActiveProfile: name=Profile 1 path=C:\Users\sarat\OneDrive\Desktop\SpringBootworkspace\.metadata\.plugins\org.eclipse.swt\EBWebView\Default lastActive=2026-09-06T09:53:29.263Z
2026-09-07 04:50:49.023: [INFO] OnDoneLoading sync enabled: 0
2026-09-07 04:50:49.023: [INFO] BookmarkModelLoaded, ids_reassigned: 0
2026-09-07 04:50:49.023: [INFO] BookmarksLoadDropped droppedNodes=0
2026-09-07 04:50:49.023: [INFO] BookmarksSnapshot Startup total=0 bar=0 other=0 mobile=0 showBar=0 showBarNTP=1
2026-09-07 04:50:58.051: [INFO] BookmarksSnapshot Shutdown total=0 bar=0 other=0 mobile=0 showBar=0 showBarNTP=1
2026-09-07 04:54:44.768: [INFO] CurrentProfilePath: C:\Users\sarat\OneDrive\Desktop\SpringBootworkspace\.metadata\.plugins\org.eclipse.swt\EBWebView\Default
2026-09-07 04:54:44.768: [INFO] Profiles total count: 1
2026-09-07 04:54:44.768: [INFO] Profile: name=Profile 1 path=C:\Users\sarat\OneDrive\Desktop\SpringBootworkspace\.metadata\.plugins\org.eclipse.swt\EBWebView\Default lastActive=2026-09-06T09:53:29.263Z
2026-09-07 04:54:44.768: [INFO] LastUsedProfileDir: C:\Users\sarat\OneDrive\Desktop\SpringBootworkspace\.metadata\.plugins\org.eclipse.swt\EBWebView\Default
2026-09-07 04:54:44.768: [INFO] MostRecentlyActiveProfile: name=Profile 1 path=C:\Users\sarat\OneDrive\Desktop\SpringBootworkspace\.metadata\.plugins\org.eclipse.swt\EBWebView\Default lastActive=2026-09-06T09:53:29.263Z
2026-09-07 04:54:44.768: [INFO] OnDoneLoading sync enabled: 0
2026-09-07 04:54:44.768: [INFO] BookmarkModelLoaded, ids_reassigned: 0
2026-09-07 04:54:44.768: [INFO] BookmarksLoadDropped droppedNodes=0
2026-09-07 04:54:44.768: [INFO] BookmarksSnapshot Startup total=0 bar=0 other=0 mobile=0 showBar=0 showBarNTP=1
2026-09-07 04:59:57.879: [INFO] BookmarksSnapshot Shutdown total=0 bar=0 other=0 mobile=0 showBar=0 showBarNTP=1
2026-09-07 05:31:47.935: [INFO] CurrentProfilePath: C:\Users\sarat\OneDrive\Desktop\SpringBootworkspace\.metadata\.plugins\org.eclipse.swt\EBWebView\Default
2026-09-07 05:31:47.935: [INFO] Profiles total count: 1
2026-09-07 05:31:47.935: [INFO] Profile: name=Profile 1 path=C:\Users\sarat\OneDrive\Desktop\SpringBootworkspace\.metadata\.plugins\org.eclipse.swt\EBWebView\Default lastActive=2026-09-06T09:53:29.263Z
2026-09-07 05:31:47.935: [INFO] LastUsedProfileDir: C:\Users\sarat\OneDrive\Desktop\SpringBootworkspace\.metadata\.plugins\org.eclipse.swt\EBWebView\Default
2026-09-07 05:31:47.935: [INFO] MostRecentlyActiveProfile: name=Profile 1 path=C:\Users\sarat\OneDrive\Desktop\SpringBootworkspace\.metadata\.plugins\org.eclipse.swt\EBWebView\Default lastActive=2026-09-06T09:53:29.263Z
2026-09-07 05:31:47.935: [INFO] OnDoneLoading sync enabled: 0
2026-09-07 05:31:47.935: [INFO] BookmarkModelLoaded, ids_reassigned: 0
2026-09-07 05:31:47.935: [INFO] BookmarksLoadDropped droppedNodes=0
2026-09-07 05:31:47.935: [INFO] BookmarksSnapshot Startup total=0 bar=0 other=0 mobile=0 showBar=0 showBarNTP=1
2026-09-07 06:19:33.529: [INFO] BookmarksSnapshot Shutdown total=0 bar=0 other=0 mobile=0 showBar=0 showBarNTP=1
